BL51 BANKED LINKER/LOCATER V6.22.2.0                                                    01/19/2023  17:49:51  PAGE 1


BL51 BANKED LINKER/LOCATER V6.22.2.0, INVOKED BY:
D:\APP\KEIL_V5\C51\BIN\BL51.EXE .\Objects\main.obj TO .\Objects\sample PRINT (.\Listings\sample.m51) RAMSIZE (256)


MEMORY MODEL: SMALL


INPUT MODULES INCLUDED:
  .\Objects\main.obj (MAIN)
  D:\APP\KEIL_V5\C51\LIB\C51S.LIB (?C_STARTUP)


LINK MAP OF MODULE:  .\Objects\sample (MAIN)


            TYPE    BASE      LENGTH    RELOCATION   SEGMENT NAME
            -----------------------------------------------------

            * * * * * * *   D A T A   M E M O R Y   * * * * * * *
            REG     0000H     0008H     ABSOLUTE     "REG BANK 0"
            IDATA   0008H     0001H     UNIT         ?STACK

            * * * * * * *   C O D E   M E M O R Y   * * * * * * *
            CODE    0000H     0003H     ABSOLUTE     
            CODE    0003H     0003H     ABSOLUTE     
            CODE    0006H     000CH     UNIT         ?C_C51STARTUP
            CODE    0012H     0008H     UNIT         ?PR?MAIN?MAIN
            CODE    001AH     0003H     UNIT         ?PR?TESTFUNCTION0?MAIN



OVERLAY MAP OF MODULE:   .\Objects\sample (MAIN)


SEGMENT
  +--> CALLED SEGMENT
---------------------
?C_C51STARTUP
  +--> ?PR?MAIN?MAIN



SYMBOL TABLE OF MODULE:  .\Objects\sample (MAIN)

  VALUE           TYPE          NAME
  ----------------------------------

  -------         MODULE        MAIN
  C:0000H         SYMBOL        _ICE_DUMMY_
  D:0080H         PUBLIC        P0
  B:00A8H.7       PUBLIC        EA
  C:001AH         PUBLIC        TestFunction0
  C:0012H         PUBLIC        main
  B:00A8H.0       PUBLIC        EX0
  B:0088H.0       PUBLIC        IT0
  -------         PROC          MAIN
  C:0012H         LINE#         3
  C:0012H         LINE#         4
BL51 BANKED LINKER/LOCATER V6.22.2.0                                                  01/19/2023  17:49:51  PAGE 2


  C:0012H         LINE#         5
  C:0014H         LINE#         6
  C:0016H         LINE#         7
  C:0018H         LINE#         8
  -------         ENDPROC       MAIN
  -------         PROC          TESTFUNCTION0
  C:001AH         LINE#         10
  C:001AH         LINE#         12
  C:001CH         LINE#         13
  -------         ENDPROC       TESTFUNCTION0
  -------         ENDMOD        MAIN

Program Size: data=9.0 xdata=0 code=29
LINK/LOCATE RUN COMPLETE.  0 WARNING(S),  0 ERROR(S)
