BL51 BANKED LINKER/LOCATER V6.22.2.0                                                    04/04/2023  10:09:46  PAGE 1


BL51 BANKED LINKER/LOCATER V6.22.2.0, INVOKED BY:
D:\APP\KEIL_V5\C51\BIN\BL51.EXE .\Objects\STARTUP.obj, .\Objects\p2.obj TO .\Objects\test PRINT (.\Listings\test.m51)


INPUT MODULES INCLUDED:
  .\Objects\STARTUP.obj (?C_STARTUP)
  .\Objects\p2.obj (P2)


LINK MAP OF MODULE:  .\Objects\test (?C_STARTUP)


            TYPE    BASE      LENGTH    RELOCATION   SEGMENT NAME
            -----------------------------------------------------

            * * * * * * *   D A T A   M E M O R Y   * * * * * * *
            REG     0000H     0008H     ABSOLUTE     "REG BANK 0"
            IDATA   0008H     0001H     UNIT         ?STACK

            * * * * * * *   C O D E   M E M O R Y   * * * * * * *
            CODE    0000H     0003H     ABSOLUTE     
* OVERLAP * CODE    0000H     0053H     ABSOLUTE     
            CODE    0053H     000CH     UNIT         ?C_C51STARTUP



UNRESOLVED EXTERNAL SYMBOLS:
   ?C_START



SYMBOL TABLE OF MODULE:  .\Objects\test (?C_STARTUP)

  VALUE           TYPE          NAME
  ----------------------------------

  -------         MODULE        ?C_STARTUP
  C:0053H         SEGMENT       ?C_C51STARTUP
  I:0008H         SEGMENT       ?STACK
  C:0000H         PUBLIC        ?C_STARTUP
  D:00E0H         SYMBOL        ACC
  D:00F0H         SYMBOL        B
  D:0083H         SYMBOL        DPH
  D:0082H         SYMBOL        DPL
  N:0000H         SYMBOL        IBPSTACK
  N:0100H         SYMBOL        IBPSTACKTOP
  N:0080H         SYMBOL        IDATALEN
  C:0056H         SYMBOL        IDATALOOP
  N:0000H         SYMBOL        PBPSTACK
  N:0100H         SYMBOL        PBPSTACKTOP
  N:0000H         SYMBOL        PDATALEN
  N:0000H         SYMBOL        PDATASTART
  N:0000H         SYMBOL        PPAGE
  N:0000H         SYMBOL        PPAGEENABLE
  D:00A0H         SYMBOL        PPAGE_SFR
  D:0081H         SYMBOL        SP
  C:0053H         SYMBOL        STARTUP1
  N:0000H         SYMBOL        XBPSTACK
BL51 BANKED LINKER/LOCATER V6.22.2.0                                                  04/04/2023  10:09:46  PAGE 2


  N:0000H         SYMBOL        XBPSTACKTOP
  N:0000H         SYMBOL        XDATALEN
  N:0000H         SYMBOL        XDATASTART
  C:0000H         LINE#         126
  C:0053H         LINE#         133
  C:0055H         LINE#         134
  C:0056H         LINE#         135
  C:0057H         LINE#         136
  C:0059H         LINE#         185
  C:005CH         LINE#         196
  -------         ENDMOD        ?C_STARTUP

  -------         MODULE        P2
  C:004CH         SYMBOL        D1
  C:004AH         SYMBOL        DELAY
  C:0032H         SYMBOL        LOOP
  C:003DH         SYMBOL        LOOP1
  C:0030H         SYMBOL        MAIN
  D:0090H         SYMBOL        P1
  C:0000H         LINE#         2
  C:0030H         LINE#         6
  C:0032H         LINE#         8
  C:0034H         LINE#         9
  C:0035H         LINE#         10
  C:0038H         LINE#         11
  C:003BH         LINE#         12
  C:003DH         LINE#         15
  C:003FH         LINE#         16
  C:0040H         LINE#         17
  C:0043H         LINE#         18
  C:0046H         LINE#         19
  C:0048H         LINE#         20
  C:004AH         LINE#         23
  C:004CH         LINE#         25
  C:004EH         LINE#         26
  C:0050H         LINE#         27
  C:0052H         LINE#         28
  -------         ENDMOD        P2

*** WARNING L5: CODE SPACE MEMORY OVERLAP
    FROM:    0000H
    TO:      0002H

*** WARNING L1: UNRESOLVED EXTERNAL SYMBOL
    SYMBOL:  ?C_START
    MODULE:  .\Objects\STARTUP.obj (?C_STARTUP)

*** WARNING L2: REFERENCE MADE TO UNRESOLVED EXTERNAL
    SYMBOL:  ?C_START
    MODULE:  .\Objects\STARTUP.obj (?C_STARTUP)
    ADDRESS: 005DH

Program Size: data=9.0 xdata=0 code=98
LINK/LOCATE RUN COMPLETE.  3 WARNING(S),  0 ERROR(S)
