C51 COMPILER V9.59.0.0   ANJIAN                                                            04/17/2023 13:12:57 PAGE 1   


C51 COMPILER V9.59.0.0, COMPILATION OF MODULE ANJIAN
OBJECT MODULE PLACED IN .\Objects\anjian.obj
COMPILER INVOKED BY: D:\App\keil_v5\C51\BIN\C51.EXE anjian.c OPTIMIZE(8,SPEED) BROWSE DEBUG OBJECTEXTEND PRINT(.\Listing
                    -s\anjian.lst) TABS(2) OBJECT(.\Objects\anjian.obj)

line level    source

   1          #include <reg51.h> 
   2          #include <intrins.h>
   3          typedef unsigned int u16; 
   4          void delay_10us(u16 ten_us)
   5          {
   6   1        while(ten_us--);
   7   1      }
   8          void key_scan()
   9          {
  10   1        if(P1!=0)//任意按键按下
  11   1        {
  12   2            delay_10us(100);  //消抖
  13   2            if(P1!=0)  {
  14   3              switch(P1)
  15   3              {
  16   4                case 0xef:
  17   4                  P0 = _cror_(P0,1);     //循环右移
  18   4                  break;
  19   4                case 0xdf:
  20   4                  P0 = _crol_(P0,1);
  21   4                  break;
  22   4                case 0xbf:
  23   4                  P2 = _cror_(P2,1);
  24   4                  break;
  25   4                case 0x7f:
  26   4                  P2 = _crol_(P2,1);
  27   4                  break;
  28   4              }
  29   3            }while(P1!=0xff);
  30   2            
  31   2         }
  32   1      }
  33          void main()
  34          {
  35   1        P2=~0x01;       //1111 1110
  36   1        P0=~0x01;
  37   1        while(1)
  38   1        {
  39   2          key_scan();
  40   2        }      
  41   1      }


MODULE INFORMATION:   STATIC OVERLAYABLE
   CODE SIZE        =    123    ----
   CONSTANT SIZE    =   ----    ----
   XDATA SIZE       =   ----    ----
   PDATA SIZE       =   ----    ----
   DATA SIZE        =   ----    ----
   IDATA SIZE       =   ----    ----
   BIT SIZE         =   ----    ----
END OF MODULE INFORMATION.


C51 COMPILATION COMPLETE.  0 WARNING(S),  0 ERROR(S)
